Durganavyasree@mi MINGW64 ~/Desktop/894380-git_handson(master)
$ ls -al
total 21
drwxr-xr-x 1 mi 197121  0 AUG 16 12:34 ./
drwxr-xr-x 1 mi 197121  0 AUG 16 12:34 ../
drwxr-xr-x 1 mi 197121  0 AUG 16 12:34 .git/
-rw-r--r-- 1 mi 197121 31 AUG 16 12:34 welcome.txt

Durganavyasree@mi MINGW64 ~/Desktop/894380-git_handson (master)
$ touch file1.log

Durganavyasree@mi MINGW64 ~/Desktop/894380-git_handson (master)
$ mkdir log

Durganavyasree@mi MINGW64 ~/Desktop/894380-git_handson(master)
$ git status
On branch master
Untracked files:
  (use "git add <file>..." to include in what will be committed)
        file1.log

nothing added to commit but untracked files present (use "git add" to track)

Durganavyasree@mi MINGW64 ~/Desktop/894380-git_handson (master)
$ touch ~/.gitignore_global

Durganavyasree@mi MINGW64 ~/Desktop/894380-git_handson(master)
$ git config --global core.excludesfile ~/.gitignore_global

Durganavyasree@mi MINGW64 ~/Desktop/894380-git_handson (master)
$ vi ~/.gitignore_global

Durganavyasree@mi MINGW64 ~/Desktop/894380-git_handson (master)
$ cat ~/.gitignore_global

Durganavyasree@mi MINGW64 ~/Desktop/894380-git_handson (master)
$ cat ~/.gitignore_global

Durganavyasree@mi MINGW64 ~/Desktop/894380-git_handson(master)
$ *.log
bash: file1.log: command not found

Durganavyasree@mi MINGW64 ~/Desktop/894380-git_handson (master)
$ git status
On branch master
Untracked files:
  (use "git add <file>..." to include in what will be committed)
        file1.log

nothing added to commit but untracked files present (use "git add" to track)
